commit-message-validator v%version%
Commit message is formatted properly! Keep up the good work!
