commit-message-validator v%version%
The following errors were found:
Line 5: Cherry pick line is not the last line
Please review <https://www.mediawiki.org/wiki/Gerrit/Commit_message_guidelines>
and update your commit message accordingly
