The following errors were found:
- Line 1: Do not define bug in the subject
