The following errors were found:
- Line 5: Cherry pick line is not the last line
