The following errors were found:
- Line 3: Depends-On: value must be a single Gerrit change id
