The following errors were found:
- Line 3: Change-Id: value must be a single Gerrit change id
