commit-message-validator
Using GerritMessageValidator to check the commit message
Commit message is formatted properly! Keep up the good work!
