The following errors were found:
- Line 2: Second line should be empty
- Line 2: Expected at least 3 lines
- Line 2: Expected 'Change-Id:' to be in footer
