The following errors were found:
- Line 1: Expected at least 3 lines
- Line 1: Expected Change-Id
