The following errors were found:
- Line 6: Unexpected footer 'Err'. Supported footers: %known_gerrit_footers%
