Commit message is formatted properly! Keep up the good work!
