The following errors were found:
- Line 8: Bug: value must be a single phabricator task ID
