commit-message-validator
Using GitHubMessageValidator to check the commit message
The following errors were found:
Line 1: Do not define bug in the subject
