The following errors were found:
- Line 3: Do not write "closing issue keywords" for closing an issue that is in another repository
