commit-message-validator
Using GitHubMessageValidator to check the commit message
Commit message is formatted properly! Keep up the good work!
