commit-message-validator
Using GerritMessageValidator to check the commit message
The following errors were found:
Line 3: Depends-On: value must be a single Gerrit change id
Please review <https://www.mediawiki.org/wiki/Gerrit/Commit_message_guidelines>
and update your commit message accordingly
